
Map of Debug\flossy_fresh.sm8 from link file Debug\flossy_fresh.lkf - Sat Oct  5 01:51:16 2024


                               --------
                               Segments
                               --------

start 00008080 end 0000817a length   250 segment .const
start 00008193 end 00009de7 length  7252 segment .text
start 00004000 end 00004000 length     0 segment .eeprom
start 00000000 end 00000011 length    17 segment .bsct, initialized
start 00008182 end 00008193 length    17 segment .bsct, from
start 00000011 end 0000001b length    10 segment .ubsct
start 0000001b end 0000001b length     0 segment .bit
start 0000001b end 0000001b length     0 segment .share
start 00000100 end 00000100 length     0 segment .data
start 00000100 end 00000100 length     0 segment .bss
start 00000000 end 00000d51 length  3409 segment .info.
start 00000000 end 0000845f length 33887 segment .debug
start 00008000 end 00008080 length   128 segment .const
start 0000817a end 00008182 length     8 segment .init


                               -------
                               Modules
                               -------

C:\ST\COSMIC\FSE_Compilers\CXSTM8\Lib\crtsi0.sm8:
start 00008193 end 000081e3 length    80 section .text
start 00000100 end 00000100 length     0 section .bss
start 00000011 end 00000011 length     0 section .ubsct
start 00000000 end 00000033 length    51 section .info.

Debug\stm8s_itc.o:
start 000081e3 end 0000831a length   311 section .text
start 00000000 end 00000603 length  1539 section .debug
start 00000033 end 000000c1 length   142 section .info.
start 00008080 end 000080e4 length   100 section .const

Debug\stm8s_exti.o:
start 0000831a end 000083d8 length   190 section .text
start 00000603 end 00000a92 length  1167 section .debug
start 000000c1 end 00000150 length   143 section .info.

Debug\main.o:
start 000083d8 end 000087c3 length  1003 section .text
start 00000000 end 00000011 length    17 section .bsct
start 00000a92 end 0000135d length  2251 section .debug
start 00000150 end 000001d9 length   137 section .info.
start 000080e4 end 000080f0 length    12 section .const

Debug\stm8s_tim1.o:
start 000087c3 end 00008a87 length   708 section .text
start 0000135d end 000033b0 length  8275 section .debug
start 000001d9 end 00000268 length   143 section .info.

Debug\stm8s_tim2.o:
start 00008a87 end 00008f20 length  1177 section .text
start 000033b0 end 000056c4 length  8980 section .debug
start 00000268 end 000002f7 length   143 section .info.

Debug\stm8s_tim4.o:
start 00008f20 end 00008fe6 length   198 section .text
start 000056c4 end 0000627b length  2999 section .debug
start 000002f7 end 00000386 length   143 section .info.

Debug\stm8s_gpio.o:
start 00008fe6 end 0000906f length   137 section .text
start 0000627b end 00006c85 length  2570 section .debug
start 00000386 end 00000415 length   143 section .info.

Debug\stm8s_clk.o:
start 0000906f end 00009375 length   774 section .text
start 00006c85 end 000082f4 length  5743 section .debug
start 00000415 end 000004a3 length   142 section .info.
start 000080f0 end 000080fc length    12 section .const

(C:\ST\COSMIC\FSE_Compilers\CXSTM8\Lib\libfs0.sm8)pow.o:
start 00009375 end 00009486 length   273 section .text
start 000004a3 end 00000511 length   110 section .info.
start 000080fc end 0000810c length    16 section .const

(C:\ST\COSMIC\FSE_Compilers\CXSTM8\Lib\libfs0.sm8)exp.o:
start 00009486 end 00009558 length   210 section .text
start 00000511 end 0000057f length   110 section .info.
start 0000810c end 0000812c length    32 section .const

(C:\ST\COSMIC\FSE_Compilers\CXSTM8\Lib\libfs0.sm8)cffun0.o:
start 00009558 end 000095b4 length    92 section .text
start 0000057f end 000005ac length    45 section .info.

(C:\ST\COSMIC\FSE_Compilers\CXSTM8\Lib\libfs0.sm8)ifmod.o:
start 000095b4 end 000096bd length   265 section .text
start 000005ac end 0000061c length   112 section .info.

(C:\ST\COSMIC\FSE_Compilers\CXSTM8\Lib\libfs0.sm8)ftrunc.o:
start 000096bd end 000096dd length    32 section .text
start 0000061c end 0000068d length   113 section .info.

(C:\ST\COSMIC\FSE_Compilers\CXSTM8\Lib\libfs0.sm8)log.o:
start 000096dd end 0000985d length   384 section .text
start 0000068d end 000006fb length   110 section .info.
start 0000812c end 00008158 length    44 section .const

(C:\ST\COSMIC\FSE_Compilers\CXSTM8\Lib\libfs0.sm8)cfcon.o:
start 000006fb end 0000076b length   112 section .info.
start 00008158 end 0000817a length    34 section .const

(C:\ST\COSMIC\FSE_Compilers\CXSTM8\Lib\libm0.sm8)bmulx.o:
start 0000985d end 0000986b length    14 section .text
start 0000076b end 0000079a length    47 section .info.

(C:\ST\COSMIC\FSE_Compilers\CXSTM8\Lib\libm0.sm8)fadd.o:
start 0000986b end 00009948 length   221 section .text
start 0000079a end 000007c8 length    46 section .info.

(C:\ST\COSMIC\FSE_Compilers\CXSTM8\Lib\libm0.sm8)fcmp.o:
start 00009948 end 0000997e length    54 section .text
start 000007c8 end 000007f6 length    46 section .info.

(C:\ST\COSMIC\FSE_Compilers\CXSTM8\Lib\libm0.sm8)fdiv.o:
start 0000997e end 00009a02 length   132 section .text
start 000007f6 end 00000824 length    46 section .info.

(C:\ST\COSMIC\FSE_Compilers\CXSTM8\Lib\libm0.sm8)fgadd.o:
start 00009a02 end 00009a0a length     8 section .text
start 00000824 end 00000853 length    47 section .info.

(C:\ST\COSMIC\FSE_Compilers\CXSTM8\Lib\libm0.sm8)fgmul.o:
start 00009a0a end 00009a12 length     8 section .text
start 00000853 end 00000882 length    47 section .info.

(C:\ST\COSMIC\FSE_Compilers\CXSTM8\Lib\libm0.sm8)fgneg.o:
start 00009a12 end 00009a1d length    11 section .text
start 00000882 end 000008b1 length    47 section .info.

(C:\ST\COSMIC\FSE_Compilers\CXSTM8\Lib\libm0.sm8)fgsub.o:
start 00009a1d end 00009a28 length    11 section .text
start 000008b1 end 000008e0 length    47 section .info.

(C:\ST\COSMIC\FSE_Compilers\CXSTM8\Lib\libm0.sm8)fmul.o:
start 00009a28 end 00009afd length   213 section .text
start 000008e0 end 0000090e length    46 section .info.

(C:\ST\COSMIC\FSE_Compilers\CXSTM8\Lib\libm0.sm8)fneg.o:
start 00009afd end 00009b08 length    11 section .text
start 0000090e end 0000093c length    46 section .info.

(C:\ST\COSMIC\FSE_Compilers\CXSTM8\Lib\libm0.sm8)ftol.o:
start 00009b08 end 00009b6a length    98 section .text
start 0000093c end 0000096a length    46 section .info.

(C:\ST\COSMIC\FSE_Compilers\CXSTM8\Lib\libm0.sm8)imul.o:
start 00009b6a end 00009b8e length    36 section .text
start 0000096a end 00000998 length    46 section .info.

(C:\ST\COSMIC\FSE_Compilers\CXSTM8\Lib\libm0.sm8)itof.o:
start 00009b8e end 00009bbc length    46 section .text
start 00000998 end 000009c6 length    46 section .info.

(C:\ST\COSMIC\FSE_Compilers\CXSTM8\Lib\libm0.sm8)lcmp.o:
start 00009bbc end 00009bdc length    32 section .text
start 000009c6 end 000009f4 length    46 section .info.

(C:\ST\COSMIC\FSE_Compilers\CXSTM8\Lib\libm0.sm8)lsdiv.o:
start 00009bdc end 00009bfb length    31 section .text
start 000009f4 end 00000a23 length    47 section .info.

(C:\ST\COSMIC\FSE_Compilers\CXSTM8\Lib\libm0.sm8)ldiv.o:
start 00009bfb end 00009ce6 length   235 section .text
start 00000a23 end 00000a51 length    46 section .info.

(C:\ST\COSMIC\FSE_Compilers\CXSTM8\Lib\libm0.sm8)lgneg.o:
start 00009ce6 end 00009cf9 length    19 section .text
start 00000a51 end 00000a80 length    47 section .info.

(C:\ST\COSMIC\FSE_Compilers\CXSTM8\Lib\libm0.sm8)lneg.o:
start 00009cf9 end 00009d0e length    21 section .text
start 00000a80 end 00000aae length    46 section .info.

(C:\ST\COSMIC\FSE_Compilers\CXSTM8\Lib\libm0.sm8)lreg.o:
start 00000011 end 00000015 length     4 section .ubsct
start 00000aae end 00000adc length    46 section .info.

(C:\ST\COSMIC\FSE_Compilers\CXSTM8\Lib\libm0.sm8)lsbc.o:
start 00009d0e end 00009d25 length    23 section .text
start 00000adc end 00000b0a length    46 section .info.

(C:\ST\COSMIC\FSE_Compilers\CXSTM8\Lib\libm0.sm8)ltof.o:
start 00009d25 end 00009d83 length    94 section .text
start 00000b0a end 00000b38 length    46 section .info.

(C:\ST\COSMIC\FSE_Compilers\CXSTM8\Lib\libm0.sm8)ltor.o:
start 00009d83 end 00009d95 length    18 section .text
start 00000b38 end 00000b66 length    46 section .info.

(C:\ST\COSMIC\FSE_Compilers\CXSTM8\Lib\libm0.sm8)ludiv.o:
start 00009d95 end 00009da9 length    20 section .text
start 00000b66 end 00000b95 length    47 section .info.

(C:\ST\COSMIC\FSE_Compilers\CXSTM8\Lib\libm0.sm8)rtol.o:
start 00009da9 end 00009dbb length    18 section .text
start 00000b95 end 00000bc3 length    46 section .info.

(C:\ST\COSMIC\FSE_Compilers\CXSTM8\Lib\libm0.sm8)uitof.o:
start 00009dbb end 00009ddf length    36 section .text
start 00000bc3 end 00000bf2 length    47 section .info.

(C:\ST\COSMIC\FSE_Compilers\CXSTM8\Lib\libm0.sm8)utolx.o:
start 00009ddf end 00009de6 length     7 section .text
start 00000bf2 end 00000c21 length    47 section .info.

(C:\ST\COSMIC\FSE_Compilers\CXSTM8\Lib\libm0.sm8)xreg.o:
start 00000015 end 00000018 length     3 section .ubsct
start 00000c21 end 00000c4f length    46 section .info.

(C:\ST\COSMIC\FSE_Compilers\CXSTM8\Lib\libm0.sm8)yreg.o:
start 00000018 end 0000001b length     3 section .ubsct
start 00000c4f end 00000c7d length    46 section .info.

Debug\stm8_interrupt_vector.o:
start 00009de6 end 00009de7 length     1 section .text
start 000082f4 end 0000845f length   363 section .debug
start 00000c7d end 00000d17 length   154 section .info.
start 00008000 end 00008080 length   128 section .const


                             -----------
                             Stack usage
                             -----------

Debug\main.o:
_EXTI_setup                          8   (2)
_accelerate_pump                    10   (4)
_clock_setup                        12   (2)
_decelerate_pump                    10   (4)
_delay_ms                            6   (6)
_gpio_setup                          8   (2)
_gpio_setup_SWIM                >    8   (2)
_led_smooth_blink               >   10   (4)
_main                           >   88   (2)
_pump_off                            4   (2)
_pump_smooth_on_off                 12   (2)
_set_pump_speed                      4   (2)
_set_pwm_frequency                  82   (19)
_tim1_init                          86   (4)
_tim2_init                          86   (4)
_tim4_init                           6   (2)
f_EXTI_PORTD_IRQHandler         >   18   (12)
f_TIM4_UPD_OVF_IRQHandler       >   14   (12)

Debug\stm8_interrupt_vector.o:
f_NonHandledInterrupt           >    6   (6)

Debug\stm8s_clk.o:
_CLK_AdjustHSICalibrationValue  >    3   (3)
_CLK_CCOCmd                     >    2   (2)
_CLK_CCOConfig                  >    3   (3)
_CLK_ClearITPendingBit          >    2   (2)
_CLK_ClockSecuritySystemEnable  >    2   (2)
_CLK_ClockSwitchCmd                  2   (2)
_CLK_ClockSwitchConfig              10   (10)
_CLK_DeInit                          2   (2)
_CLK_FastHaltWakeUpCmd          >    2   (2)
_CLK_GetClockFreq               >   25   (11)
_CLK_GetFlagStatus                   7   (7)
_CLK_GetITStatus                >    4   (4)
_CLK_GetSYSCLKSource            >    2   (2)
_CLK_HSECmd                          2   (2)
_CLK_HSICmd                          2   (2)
_CLK_HSIPrescalerConfig              3   (3)
_CLK_ITConfig                   >    4   (4)
_CLK_LSICmd                          2   (2)
_CLK_PeripheralClockConfig           4   (4)
_CLK_SWIMConfig                 >    2   (2)
_CLK_SYSCLKConfig                    3   (3)
_CLK_SYSCLKEmergencyClear       >    2   (2)
_CLK_SlowActiveHaltWakeUpCmd    >    2   (2)

Debug\stm8s_exti.o:
_EXTI_DeInit                         2   (2)
_EXTI_GetExtIntSensitivity      >    3   (3)
_EXTI_GetTLISensitivity         >    3   (3)
_EXTI_SetExtIntSensitivity           4   (4)
_EXTI_SetTLISensitivity              2   (2)

Debug\stm8s_gpio.o:
_GPIO_DeInit                         2   (2)
_GPIO_ExternalPullUpConfig      >    6   (6)
_GPIO_Init                           6   (6)
_GPIO_ReadInputData             >    2   (2)
_GPIO_ReadInputPin                   5   (5)
_GPIO_ReadOutputData            >    2   (2)
_GPIO_Write                     >    5   (5)
_GPIO_WriteHigh                 >    5   (5)
_GPIO_WriteLow                  >    5   (5)
_GPIO_WriteReverse              >    5   (5)

Debug\stm8s_itc.o:
_ITC_DeInit                          2   (2)
_ITC_GetCPUCC                        2   (2)
_ITC_GetSoftIntStatus           >    4   (2)
_ITC_GetSoftwarePriority        >    5   (5)
_ITC_SetSoftwarePriority             6   (6)

Debug\stm8s_tim1.o:
_TIM1_ARRPreloadConfig          >    2   (2)
_TIM1_BDTRConfig                >    9   (9)
_TIM1_Cmd                            2   (2)
_TIM1_CounterModeConfig         >    3   (3)
_TIM1_CtrlPWMOutputs                 2   (2)
_TIM1_DeInit                         2   (2)
_TIM1_ETRClockMode1Config       >   10   (5)
_TIM1_ETRClockMode2Config       >   10   (5)
_TIM1_ETRConfig                      5   (5)
_TIM1_ForcedOC3Config           >    3   (3)
_TIM1_GenerateEvent             >    2   (2)
_TIM1_GetCapture3               >    6   (6)
_TIM1_ITConfig                  >    4   (4)
_TIM1_InternalClockConfig       >    2   (2)
_TIM1_OC1FastConfig             >    2   (2)
_TIM1_OC1PolarityConfig         >    2   (2)
_TIM1_OC2FastConfig             >    2   (2)
_TIM1_OC3FastConfig             >    2   (2)
_TIM1_OC3Init                       14   (14)
_TIM1_OC3NPolarityConfig        >    2   (2)
_TIM1_OC3PolarityConfig         >    2   (2)
_TIM1_OC3PreloadConfig          >    2   (2)
_TIM1_PrescalerConfig           >    5   (5)
_TIM1_SelectInputTrigger        >    3   (3)
_TIM1_SelectMasterSlaveMode     >    2   (2)
_TIM1_SelectOutputTrigger       >    3   (3)
_TIM1_SelectSlaveMode           >    3   (3)
_TIM1_SetAutoreload             >    2   (2)
_TIM1_SetCompare3                    2   (2)
_TIM1_SetCounter                >    2   (2)
_TIM1_SetIC3Prescaler           >    3   (3)
_TIM1_TimeBaseInit                   8   (8)
_TIM1_UpdateDisableConfig       >    2   (2)
_TIM1_UpdateRequestConfig       >    2   (2)

Debug\stm8s_tim2.o:
L3_TI1_Config                        6   (6)
L5_TI2_Config                        6   (6)
L7_TI3_Config                        6   (6)
_TIM2_ARRPreloadConfig          >    2   (2)
_TIM2_CCxCmd                    >    4   (4)
_TIM2_ClearFlag                 >    2   (2)
_TIM2_ClearITPendingBit         >    2   (2)
_TIM2_Cmd                            2   (2)
_TIM2_DeInit                         2   (2)
_TIM2_ForcedOC1Config           >    3   (3)
_TIM2_ForcedOC2Config           >    3   (3)
_TIM2_ForcedOC3Config           >    3   (3)
_TIM2_GenerateEvent             >    2   (2)
_TIM2_GetCapture1               >    6   (6)
_TIM2_GetCapture2               >    6   (6)
_TIM2_GetCapture3               >    6   (6)
_TIM2_GetCounter                >    4   (4)
_TIM2_GetFlagStatus             >    6   (6)
_TIM2_GetITStatus               >    5   (5)
_TIM2_GetPrescaler              >    2   (2)
_TIM2_ICInit                    >   13   (7)
_TIM2_ITConfig                  >    4   (4)
_TIM2_OC1Init                   >    8   (8)
_TIM2_OC1PolarityConfig         >    2   (2)
_TIM2_OC1PreloadConfig          >    2   (2)
_TIM2_OC2Init                        8   (8)
_TIM2_OC2PolarityConfig         >    2   (2)
_TIM2_OC2PreloadConfig          >    2   (2)
_TIM2_OC3Init                        8   (8)
_TIM2_OC3PolarityConfig         >    2   (2)
_TIM2_OC3PreloadConfig          >    2   (2)
_TIM2_PWMIConfig                >   15   (9)
_TIM2_PrescalerConfig           >    2   (2)
_TIM2_SelectOCxM                >    4   (4)
_TIM2_SelectOnePulseMode        >    2   (2)
_TIM2_SetAutoreload             >    2   (2)
_TIM2_SetCompare1               >    2   (2)
_TIM2_SetCompare2                    2   (2)
_TIM2_SetCompare3                    2   (2)
_TIM2_SetCounter                >    2   (2)
_TIM2_SetIC1Prescaler                3   (3)
_TIM2_SetIC2Prescaler                3   (3)
_TIM2_SetIC3Prescaler                3   (3)
_TIM2_TimeBaseInit                   5   (5)
_TIM2_UpdateDisableConfig       >    2   (2)
_TIM2_UpdateRequestConfig       >    2   (2)

Debug\stm8s_tim4.o:
_TIM4_ARRPreloadConfig          >    2   (2)
_TIM4_ClearFlag                 >    2   (2)
_TIM4_ClearITPendingBit              2   (2)
_TIM4_Cmd                            2   (2)
_TIM4_DeInit                         2   (2)
_TIM4_GenerateEvent             >    2   (2)
_TIM4_GetCounter                >    2   (2)
_TIM4_GetFlagStatus             >    3   (3)
_TIM4_GetITStatus               >    5   (5)
_TIM4_GetPrescaler              >    2   (2)
_TIM4_ITConfig                       4   (4)
_TIM4_PrescalerConfig           >    2   (2)
_TIM4_SelectOnePulseMode        >    2   (2)
_TIM4_SetAutoreload             >    2   (2)
_TIM4_SetCounter                >    2   (2)
_TIM4_TimeBaseInit                   2   (2)
_TIM4_UpdateDisableConfig       >    2   (2)
_TIM4_UpdateRequestConfig       >    2   (2)

C:\ST\COSMIC\FSE_Compilers\CXSTM8\Lib\libfs0.sm8:
__addexp                             6   (6)
__poly                          >   11   (11)
__unpack                             4   (4)
__exp                               41   (14)
_exp                            >   47   (6)
__ftrunc                            14   (8)
__fmod                              27   (19)
__ln                                37   (28)
_log                            >   43   (6)
_log10                          >   43   (6)
_pow                                63   (22)

Stack size: 106


                              ---------
                              Call tree
                              ---------
   1 > _CLK_AdjustHSICalibrationValue: (3)

   2 > _CLK_CCOCmd: (2)

   3 > _CLK_CCOConfig: (3)

   4 > _CLK_ClearITPendingBit: (2)

   5 > _CLK_ClockSecuritySystemEnable: (2)

   6 > _CLK_FastHaltWakeUpCmd: (2)

   7 > _CLK_GetClockFreq: (11)

   8 > _CLK_GetITStatus: (4)

   9 > _CLK_GetSYSCLKSource: (2)

  10 > _CLK_ITConfig: (4)

  11 > _CLK_SWIMConfig: (2)

  12 > _CLK_SYSCLKEmergencyClear: (2)

  13 > _CLK_SlowActiveHaltWakeUpCmd: (2)

  14 > _EXTI_GetExtIntSensitivity: (3)

  15 > _EXTI_GetTLISensitivity: (3)

  16 > _GPIO_ExternalPullUpConfig: (6)

  17 > _GPIO_ReadInputData: (2)

  18 > _GPIO_ReadOutputData: (2)

  19 > _GPIO_Write: (5)

  20 > _GPIO_WriteHigh: (5)

  21 > _GPIO_WriteLow: (5)

  22 > _GPIO_WriteReverse: (5)

  23 > _ITC_GetSoftIntStatus: (2)
  24      + _ITC_GetCPUCC: (2)
       
  25 > _ITC_GetSoftwarePriority: (5)

  26 > _TIM1_ARRPreloadConfig: (2)

  27 > _TIM1_BDTRConfig: (9)

  28 > _TIM1_CounterModeConfig: (3)

  29 > _TIM1_ETRClockMode1Config: (5)
  30      + _TIM1_ETRConfig: (5)
       
  31 > _TIM1_ETRClockMode2Config: (5)
  32      + _TIM1_ETRConfig --> 30
       
  33 > _TIM1_ForcedOC3Config: (3)

  34 > _TIM1_GenerateEvent: (2)

  35 > _TIM1_GetCapture3: (6)

  36 > _TIM1_ITConfig: (4)

  37 > _TIM1_InternalClockConfig: (2)

  38 > _TIM1_OC1FastConfig: (2)

  39 > _TIM1_OC1PolarityConfig: (2)

  40 > _TIM1_OC2FastConfig: (2)

  41 > _TIM1_OC3FastConfig: (2)

  42 > _TIM1_OC3NPolarityConfig: (2)

  43 > _TIM1_OC3PolarityConfig: (2)

  44 > _TIM1_OC3PreloadConfig: (2)

  45 > _TIM1_PrescalerConfig: (5)

  46 > _TIM1_SelectInputTrigger: (3)

  47 > _TIM1_SelectMasterSlaveMode: (2)

  48 > _TIM1_SelectOutputTrigger: (3)

  49 > _TIM1_SelectSlaveMode: (3)

  50 > _TIM1_SetAutoreload: (2)

  51 > _TIM1_SetCounter: (2)

  52 > _TIM1_SetIC3Prescaler: (3)

  53 > _TIM1_UpdateDisableConfig: (2)

  54 > _TIM1_UpdateRequestConfig: (2)

  55 > _TIM2_ARRPreloadConfig: (2)

  56 > _TIM2_CCxCmd: (4)

  57 > _TIM2_ClearFlag: (2)

  58 > _TIM2_ClearITPendingBit: (2)

  59 > _TIM2_ForcedOC1Config: (3)

  60 > _TIM2_ForcedOC2Config: (3)

  61 > _TIM2_ForcedOC3Config: (3)

  62 > _TIM2_GenerateEvent: (2)

  63 > _TIM2_GetCapture1: (6)

  64 > _TIM2_GetCapture2: (6)

  65 > _TIM2_GetCapture3: (6)

  66 > _TIM2_GetCounter: (4)

  67 > _TIM2_GetFlagStatus: (6)

  68 > _TIM2_GetITStatus: (5)

  69 > _TIM2_GetPrescaler: (2)

  70 > _TIM2_ICInit: (7)
  71      + L3_TI1_Config: (6)
  72      + L5_TI2_Config: (6)
  73      + L7_TI3_Config: (6)
  74      + _TIM2_SetIC1Prescaler: (3)
  75      + _TIM2_SetIC2Prescaler: (3)
  76      + _TIM2_SetIC3Prescaler: (3)
       
  77 > _TIM2_ITConfig: (4)

  78 > _TIM2_OC1Init: (8)

  79 > _TIM2_OC1PolarityConfig: (2)

  80 > _TIM2_OC1PreloadConfig: (2)

  81 > _TIM2_OC2PolarityConfig: (2)

  82 > _TIM2_OC2PreloadConfig: (2)

  83 > _TIM2_OC3PolarityConfig: (2)

  84 > _TIM2_OC3PreloadConfig: (2)

  85 > _TIM2_PWMIConfig: (9)
  86      + L3_TI1_Config --> 71
  87      + L5_TI2_Config --> 72
  88      + _TIM2_SetIC1Prescaler --> 74
  89      + _TIM2_SetIC2Prescaler --> 75
       
  90 > _TIM2_PrescalerConfig: (2)

  91 > _TIM2_SelectOCxM: (4)

  92 > _TIM2_SelectOnePulseMode: (2)

  93 > _TIM2_SetAutoreload: (2)

  94 > _TIM2_SetCompare1: (2)

  95 > _TIM2_SetCounter: (2)

  96 > _TIM2_UpdateDisableConfig: (2)

  97 > _TIM2_UpdateRequestConfig: (2)

  98 > _TIM4_ARRPreloadConfig: (2)

  99 > _TIM4_ClearFlag: (2)

 100 > _TIM4_GenerateEvent: (2)

 101 > _TIM4_GetCounter: (2)

 102 > _TIM4_GetFlagStatus: (3)

 103 > _TIM4_GetITStatus: (5)

 104 > _TIM4_GetPrescaler: (2)

 105 > _TIM4_PrescalerConfig: (2)

 106 > _TIM4_SelectOnePulseMode: (2)

 107 > _TIM4_SetAutoreload: (2)

 108 > _TIM4_SetCounter: (2)

 109 > _TIM4_UpdateDisableConfig: (2)

 110 > _TIM4_UpdateRequestConfig: (2)

 111 > __poly: (11)

 112 > __stext: (0)

 113 > _exp: (6)
 114      + __exp: (14)
 115      |    + __addexp: (6)
 116      |    + __fmod: (19)
 117      |    |    + __addexp --> 115
 118      |    |    + __unpack: (4)
          |    | 
          | 
       
 119 > _gpio_setup_SWIM: (2)
 120      + _GPIO_Init: (6)
       
 121 > _led_smooth_blink: (4)
 122      + _TIM2_SetCompare3: (2)
 123      + _delay_ms: (6)
       
 124 > _log: (6)
 125      + __ln: (28)
 126      |    + __unpack --> 118
          | 
       
 127 > _log10: (6)
 128      + __ln --> 125
       
 129 > _main: (2)
 130      + _EXTI_setup: (2)
 131      |    + _EXTI_DeInit: (2)
 132      |    + _EXTI_SetExtIntSensitivity: (4)
 133      |    + _EXTI_SetTLISensitivity: (2)
 134      |    + _ITC_DeInit: (2)
 135      |    + _ITC_SetSoftwarePriority: (6)
          | 
 136      + _TIM2_DeInit: (2)
 137      + _TIM2_SetCompare2: (2)
 138      + _TIM2_SetCompare3 --> 122
 139      + _accelerate_pump: (4)
 140      |    + _TIM1_SetCompare3: (2)
 141      |    + _delay_ms --> 123
          | 
 142      + _clock_setup: (2)
 143      |    + _CLK_ClockSwitchCmd: (2)
 144      |    + _CLK_ClockSwitchConfig: (10)
 145      |    + _CLK_DeInit: (2)
 146      |    + _CLK_GetFlagStatus: (7)
 147      |    + _CLK_HSECmd: (2)
 148      |    + _CLK_HSICmd: (2)
 149      |    + _CLK_HSIPrescalerConfig: (3)
 150      |    + _CLK_LSICmd: (2)
 151      |    + _CLK_PeripheralClockConfig: (4)
 152      |    + _CLK_SYSCLKConfig: (3)
          | 
 153      + _decelerate_pump: (4)
 154      |    + _TIM1_SetCompare3 --> 140
 155      |    + _delay_ms --> 123
          | 
 156      + _delay_ms --> 123
 157      + _gpio_setup: (2)
 158      |    + _GPIO_DeInit: (2)
 159      |    + _GPIO_Init --> 120
          | 
 160      + _pump_off: (2)
 161      |    + _TIM1_SetCompare3 --> 140
          | 
 162      + _pump_smooth_on_off: (2)
 163      |    + _accelerate_pump --> 139
 164      |    + _decelerate_pump --> 153
          | 
 165      + _set_pump_speed: (2)
 166      |    + _TIM1_SetCompare3 --> 140
          | 
 167      + _tim1_init: (4)
 168      |    + _TIM1_Cmd: (2)
 169      |    + _TIM1_CtrlPWMOutputs: (2)
 170      |    + _TIM1_DeInit: (2)
 171      |    + _TIM1_OC3Init: (14)
 172      |    + _TIM1_TimeBaseInit: (8)
 173      |    + _set_pwm_frequency: (19)
 174      |    |    + _pow: (22)
 175      |    |    |    + __exp --> 114
 176      |    |    |    + __ftrunc: (8)
 177      |    |    |    + __ln --> 125
          |    |    | 
          |    | 
          | 
 178      + _tim2_init: (4)
 179      |    + _TIM2_Cmd: (2)
 180      |    + _TIM2_DeInit --> 136
 181      |    + _TIM2_OC2Init: (8)
 182      |    + _TIM2_OC3Init: (8)
 183      |    + _TIM2_TimeBaseInit: (5)
 184      |    + _set_pwm_frequency --> 173
          | 
 185      + _tim4_init: (2)
 186      |    + _TIM4_Cmd: (2)
 187      |    + _TIM4_DeInit: (2)
 188      |    + _TIM4_ITConfig: (4)
 189      |    + _TIM4_TimeBaseInit: (2)
          | 
       
 190 > f_EXTI_PORTD_IRQHandler: (12)
 191      + _GPIO_ReadInputPin: (5)
 192      + _delay_ms --> 123
       
 193 > f_NonHandledInterrupt: (6)

 194 > f_TIM4_UPD_OVF_IRQHandler: (12)
 195      + _TIM4_ClearITPendingBit: (2)
       
 196   L3_TI1_Config --> 71

 197   L5_TI2_Config --> 72

 198   L7_TI3_Config --> 73

 199   _CLK_ClockSwitchCmd --> 143

 200   _CLK_ClockSwitchConfig --> 144

 201   _CLK_DeInit --> 145

 202   _CLK_GetFlagStatus --> 146

 203   _CLK_HSECmd --> 147

 204   _CLK_HSICmd --> 148

 205   _CLK_HSIPrescalerConfig --> 149

 206   _CLK_LSICmd --> 150

 207   _CLK_PeripheralClockConfig --> 151

 208   _CLK_SYSCLKConfig --> 152

 209   _EXTI_DeInit --> 131

 210   _EXTI_SetExtIntSensitivity --> 132

 211   _EXTI_SetTLISensitivity --> 133

 212   _EXTI_setup --> 130

 213   _GPIO_DeInit --> 158

 214   _GPIO_Init --> 120

 215   _GPIO_ReadInputPin --> 191

 216   _ITC_DeInit --> 134

 217   _ITC_GetCPUCC --> 24

 218   _ITC_SetSoftwarePriority --> 135

 219   _TIM1_Cmd --> 168

 220   _TIM1_CtrlPWMOutputs --> 169

 221   _TIM1_DeInit --> 170

 222   _TIM1_ETRConfig --> 30

 223   _TIM1_OC3Init --> 171

 224   _TIM1_SetCompare3 --> 140

 225   _TIM1_TimeBaseInit --> 172

 226   _TIM2_Cmd --> 179

 227   _TIM2_DeInit --> 136

 228   _TIM2_OC2Init --> 181

 229   _TIM2_OC3Init --> 182

 230   _TIM2_SetCompare2 --> 137

 231   _TIM2_SetCompare3 --> 122

 232   _TIM2_SetIC1Prescaler --> 74

 233   _TIM2_SetIC2Prescaler --> 75

 234   _TIM2_SetIC3Prescaler --> 76

 235   _TIM2_TimeBaseInit --> 183

 236   _TIM4_ClearITPendingBit --> 195

 237   _TIM4_Cmd --> 186

 238   _TIM4_DeInit --> 187

 239   _TIM4_ITConfig --> 188

 240   _TIM4_TimeBaseInit --> 189

 241   __addexp --> 115

 242   __exp --> 114

 243   __fmod --> 116

 244   __ftrunc --> 176

 245   __ln --> 125

 246   __unpack --> 118

 247   _accelerate_pump --> 139

 248   _clock_setup --> 142

 249   _decelerate_pump --> 153

 250   _delay_ms --> 123

 251   _gpio_setup --> 157

 252   _pow --> 174

 253   _pump_off --> 160

 254   _pump_smooth_on_off --> 162

 255   _set_pump_speed --> 165

 256   _set_pwm_frequency --> 173

 257   _tim1_init --> 167

 258   _tim2_init --> 178

 259   _tim4_init --> 185



                               -------
                               Symbols
                               -------

_CLKPrescTable                   000080f4   defined in Debug\stm8s_clk.o section .const
_CLK_AdjustHSICalibrationValue   000092f3   defined in Debug\stm8s_clk.o section .text
_CLK_CCOCmd                      000090d9   defined in Debug\stm8s_clk.o section .text
_CLK_CCOConfig                   0000920e   defined in Debug\stm8s_clk.o section .text
_CLK_ClearITPendingBit           00009367   defined in Debug\stm8s_clk.o section .text
_CLK_ClockSecuritySystemEnable   00009289   defined in Debug\stm8s_clk.o section .text
_CLK_ClockSwitchCmd              000090e6   defined in Debug\stm8s_clk.o section .text
                                            used in Debug\main.o
_CLK_ClockSwitchConfig           0000915a   defined in Debug\stm8s_clk.o section .text
                                            used in Debug\main.o
_CLK_DeInit                      0000906f   defined in Debug\stm8s_clk.o section .text
                                            used in Debug\main.o
_CLK_FastHaltWakeUpCmd           000090a5   defined in Debug\stm8s_clk.o section .text
_CLK_GetClockFreq                00009292   defined in Debug\stm8s_clk.o section .text
_CLK_GetFlagStatus               00009305   defined in Debug\stm8s_clk.o section .text
                                            used in Debug\main.o
_CLK_GetITStatus                 00009348   defined in Debug\stm8s_clk.o section .text
_CLK_GetSYSCLKSource             0000928e   defined in Debug\stm8s_clk.o section .text
_CLK_HSECmd                      000090b2   defined in Debug\stm8s_clk.o section .text
                                            used in Debug\main.o
_CLK_HSICmd                      000090bf   defined in Debug\stm8s_clk.o section .text
                                            used in Debug\main.o
_CLK_HSIPrescalerConfig          000091fb   defined in Debug\stm8s_clk.o section .text
                                            used in Debug\main.o
_CLK_ITConfig                    00009225   defined in Debug\stm8s_clk.o section .text
_CLK_LSICmd                      000090cc   defined in Debug\stm8s_clk.o section .text
                                            used in Debug\main.o
_CLK_PeripheralClockConfig       00009100   defined in Debug\stm8s_clk.o section .text
                                            used in Debug\main.o
_CLK_SWIMConfig                  0000927c   defined in Debug\stm8s_clk.o section .text
_CLK_SYSCLKConfig                00009255   defined in Debug\stm8s_clk.o section .text
                                            used in Debug\main.o
_CLK_SYSCLKEmergencyClear        00009300   defined in Debug\stm8s_clk.o section .text
_CLK_SlowActiveHaltWakeUpCmd     000090f3   defined in Debug\stm8s_clk.o section .text
_EXTI_DeInit                     0000831a   defined in Debug\stm8s_exti.o section .text
                                            used in Debug\main.o
_EXTI_GetExtIntSensitivity       00008396   defined in Debug\stm8s_exti.o section .text
_EXTI_GetTLISensitivity          000083d2   defined in Debug\stm8s_exti.o section .text
_EXTI_SetExtIntSensitivity       00008323   defined in Debug\stm8s_exti.o section .text
                                            used in Debug\main.o
_EXTI_SetTLISensitivity          0000838b   defined in Debug\stm8s_exti.o section .text
                                            used in Debug\main.o
_EXTI_setup                      0000859f   defined in Debug\main.o section .text
_GPIO_DeInit                     00008fe6   defined in Debug\stm8s_gpio.o section .text
                                            used in Debug\main.o
_GPIO_ExternalPullUpConfig       0000905d   defined in Debug\stm8s_gpio.o section .text
_GPIO_Init                       00008fee   defined in Debug\stm8s_gpio.o section .text
                                            used in Debug\main.o
_GPIO_ReadInputData              00009055   defined in Debug\stm8s_gpio.o section .text
_GPIO_ReadInputPin               00009058   defined in Debug\stm8s_gpio.o section .text
                                            used in Debug\main.o
_GPIO_ReadOutputData             00009053   defined in Debug\stm8s_gpio.o section .text
_GPIO_Write                      0000903f   defined in Debug\stm8s_gpio.o section .text
_GPIO_WriteHigh                  00009043   defined in Debug\stm8s_gpio.o section .text
_GPIO_WriteLow                   00009048   defined in Debug\stm8s_gpio.o section .text
_GPIO_WriteReverse               0000904e   defined in Debug\stm8s_gpio.o section .text
_HSIDivFactor                    000080f0   defined in Debug\stm8s_clk.o section .const
_ITC_DeInit                      000081e6   defined in Debug\stm8s_itc.o section .text
                                            used in Debug\main.o
_ITC_GetCPUCC                    000081e3   defined in Debug\stm8s_itc.o section .text
_ITC_GetSoftIntStatus            00008207   defined in Debug\stm8s_itc.o section .text
_ITC_GetSoftwarePriority         0000820c   defined in Debug\stm8s_itc.o section .text
_ITC_SetSoftwarePriority         00008265   defined in Debug\stm8s_itc.o section .text
                                            used in Debug\main.o
_OCR                             00000002   defined in Debug\main.o section .bsct, initialized
_TIM1_ARRPreloadConfig           000089d6   defined in Debug\stm8s_tim1.o section .text
_TIM1_BDTRConfig                 000088db   defined in Debug\stm8s_tim1.o section .text
_TIM1_Cmd                        000088f5   defined in Debug\stm8s_tim1.o section .text
                                            used in Debug\main.o
_TIM1_CounterModeConfig          000089bc   defined in Debug\stm8s_tim1.o section .text
_TIM1_CtrlPWMOutputs             00008902   defined in Debug\stm8s_tim1.o section .text
                                            used in Debug\main.o
_TIM1_DeInit                     000087c3   defined in Debug\stm8s_tim1.o section .text
                                            used in Debug\main.o
_TIM1_ETRClockMode1Config        0000892e   defined in Debug\stm8s_tim1.o section .text
_TIM1_ETRClockMode2Config        00008942   defined in Debug\stm8s_tim1.o section .text
_TIM1_ETRConfig                  00008952   defined in Debug\stm8s_tim1.o section .text
_TIM1_ForcedOC3Config            000089c9   defined in Debug\stm8s_tim1.o section .text
_TIM1_GenerateEvent              00008a17   defined in Debug\stm8s_tim1.o section .text
_TIM1_GetCapture3                00008a6a   defined in Debug\stm8s_tim1.o section .text
_TIM1_ITConfig                   0000890f   defined in Debug\stm8s_tim1.o section .text
_TIM1_InternalClockConfig        00008925   defined in Debug\stm8s_tim1.o section .text
_TIM1_OC1FastConfig              000089f0   defined in Debug\stm8s_tim1.o section .text
_TIM1_OC1PolarityConfig          00008a1b   defined in Debug\stm8s_tim1.o section .text
_TIM1_OC2FastConfig              000089fd   defined in Debug\stm8s_tim1.o section .text
_TIM1_OC3FastConfig              00008a0a   defined in Debug\stm8s_tim1.o section .text
_TIM1_OC3Init                    0000887e   defined in Debug\stm8s_tim1.o section .text
                                            used in Debug\main.o
_TIM1_OC3NPolarityConfig         00008a35   defined in Debug\stm8s_tim1.o section .text
_TIM1_OC3PolarityConfig          00008a28   defined in Debug\stm8s_tim1.o section .text
_TIM1_OC3PreloadConfig           000089e3   defined in Debug\stm8s_tim1.o section .text
_TIM1_PrescalerConfig            000089ae   defined in Debug\stm8s_tim1.o section .text
_TIM1_SelectInputTrigger         00008960   defined in Debug\stm8s_tim1.o section .text
_TIM1_SelectMasterSlaveMode      000089a1   defined in Debug\stm8s_tim1.o section .text
_TIM1_SelectOutputTrigger        00008987   defined in Debug\stm8s_tim1.o section .text
_TIM1_SelectSlaveMode            00008994   defined in Debug\stm8s_tim1.o section .text
_TIM1_SetAutoreload              00008a4b   defined in Debug\stm8s_tim1.o section .text
_TIM1_SetCompare3                00008a54   defined in Debug\stm8s_tim1.o section .text
                                            used in Debug\main.o
_TIM1_SetCounter                 00008a42   defined in Debug\stm8s_tim1.o section .text
_TIM1_SetIC3Prescaler            00008a5d   defined in Debug\stm8s_tim1.o section .text
_TIM1_TimeBaseInit               0000885c   defined in Debug\stm8s_tim1.o section .text
                                            used in Debug\main.o
_TIM1_UpdateDisableConfig        0000896d   defined in Debug\stm8s_tim1.o section .text
_TIM1_UpdateRequestConfig        0000897a   defined in Debug\stm8s_tim1.o section .text
_TIM2_ARRPreloadConfig           00008cb1   defined in Debug\stm8s_tim2.o section .text
_TIM2_CCxCmd                     00008d10   defined in Debug\stm8s_tim2.o section .text
_TIM2_ClearFlag                  00008e63   defined in Debug\stm8s_tim2.o section .text
_TIM2_ClearITPendingBit          00008e8b   defined in Debug\stm8s_tim2.o section .text
_TIM2_Cmd                        00008c37   defined in Debug\stm8s_tim2.o section .text
                                            used in Debug\main.o
_TIM2_DeInit                     00008a87   defined in Debug\stm8s_tim2.o section .text
                                            used in Debug\main.o
_TIM2_ForcedOC1Config            00008c8a   defined in Debug\stm8s_tim2.o section .text
_TIM2_ForcedOC2Config            00008c97   defined in Debug\stm8s_tim2.o section .text
_TIM2_ForcedOC3Config            00008ca4   defined in Debug\stm8s_tim2.o section .text
_TIM2_GenerateEvent              00008ce5   defined in Debug\stm8s_tim2.o section .text
_TIM2_GetCapture1                00008dd8   defined in Debug\stm8s_tim2.o section .text
_TIM2_GetCapture2                00008df5   defined in Debug\stm8s_tim2.o section .text
_TIM2_GetCapture3                00008e12   defined in Debug\stm8s_tim2.o section .text
_TIM2_GetCounter                 00008e2f   defined in Debug\stm8s_tim2.o section .text
_TIM2_GetFlagStatus              00008e4b   defined in Debug\stm8s_tim2.o section .text
_TIM2_GetITStatus                00008e6d   defined in Debug\stm8s_tim2.o section .text
_TIM2_GetPrescaler               00008e47   defined in Debug\stm8s_tim2.o section .text
_TIM2_ICInit                     00008b84   defined in Debug\stm8s_tim2.o section .text
_TIM2_ITConfig                   00008c44   defined in Debug\stm8s_tim2.o section .text
_TIM2_OC1Init                    00008aee   defined in Debug\stm8s_tim2.o section .text
_TIM2_OC1PolarityConfig          00008ce9   defined in Debug\stm8s_tim2.o section .text
_TIM2_OC1PreloadConfig           00008cbe   defined in Debug\stm8s_tim2.o section .text
_TIM2_OC2Init                    00008b20   defined in Debug\stm8s_tim2.o section .text
                                            used in Debug\main.o
_TIM2_OC2PolarityConfig          00008cf6   defined in Debug\stm8s_tim2.o section .text
_TIM2_OC2PreloadConfig           00008ccb   defined in Debug\stm8s_tim2.o section .text
_TIM2_OC3Init                    00008b52   defined in Debug\stm8s_tim2.o section .text
                                            used in Debug\main.o
_TIM2_OC3PolarityConfig          00008d03   defined in Debug\stm8s_tim2.o section .text
_TIM2_OC3PreloadConfig           00008cd8   defined in Debug\stm8s_tim2.o section .text
_TIM2_PWMIConfig                 00008bca   defined in Debug\stm8s_tim2.o section .text
_TIM2_PrescalerConfig            00008c81   defined in Debug\stm8s_tim2.o section .text
_TIM2_SelectOCxM                 00008d4a   defined in Debug\stm8s_tim2.o section .text
_TIM2_SelectOnePulseMode         00008c74   defined in Debug\stm8s_tim2.o section .text
_TIM2_SetAutoreload              00008d8d   defined in Debug\stm8s_tim2.o section .text
_TIM2_SetCompare1                00008d96   defined in Debug\stm8s_tim2.o section .text
_TIM2_SetCompare2                00008d9f   defined in Debug\stm8s_tim2.o section .text
                                            used in Debug\main.o
_TIM2_SetCompare3                00008da8   defined in Debug\stm8s_tim2.o section .text
                                            used in Debug\main.o
_TIM2_SetCounter                 00008d84   defined in Debug\stm8s_tim2.o section .text
_TIM2_SetIC1Prescaler            00008db1   defined in Debug\stm8s_tim2.o section .text
_TIM2_SetIC2Prescaler            00008dbe   defined in Debug\stm8s_tim2.o section .text
_TIM2_SetIC3Prescaler            00008dcb   defined in Debug\stm8s_tim2.o section .text
_TIM2_TimeBaseInit               00008ae0   defined in Debug\stm8s_tim2.o section .text
                                            used in Debug\main.o
_TIM2_UpdateDisableConfig        00008c5a   defined in Debug\stm8s_tim2.o section .text
_TIM2_UpdateRequestConfig        00008c67   defined in Debug\stm8s_tim2.o section .text
_TIM4_ARRPreloadConfig           00008f95   defined in Debug\stm8s_tim4.o section .text
_TIM4_ClearFlag                  00008fbe   defined in Debug\stm8s_tim4.o section .text
_TIM4_ClearITPendingBit          00008fe1   defined in Debug\stm8s_tim4.o section .text
                                            used in Debug\main.o
_TIM4_Cmd                        00008f42   defined in Debug\stm8s_tim4.o section .text
                                            used in Debug\main.o
_TIM4_DeInit                     00008f20   defined in Debug\stm8s_tim4.o section .text
                                            used in Debug\main.o
_TIM4_GenerateEvent              00008fa2   defined in Debug\stm8s_tim4.o section .text
_TIM4_GetCounter                 00008fae   defined in Debug\stm8s_tim4.o section .text
_TIM4_GetFlagStatus              00008fb6   defined in Debug\stm8s_tim4.o section .text
_TIM4_GetITStatus                00008fc3   defined in Debug\stm8s_tim4.o section .text
_TIM4_GetPrescaler               00008fb2   defined in Debug\stm8s_tim4.o section .text
_TIM4_ITConfig                   00008f4f   defined in Debug\stm8s_tim4.o section .text
                                            used in Debug\main.o
_TIM4_PrescalerConfig            00008f8c   defined in Debug\stm8s_tim4.o section .text
_TIM4_SelectOnePulseMode         00008f7f   defined in Debug\stm8s_tim4.o section .text
_TIM4_SetAutoreload              00008faa   defined in Debug\stm8s_tim4.o section .text
_TIM4_SetCounter                 00008fa6   defined in Debug\stm8s_tim4.o section .text
_TIM4_TimeBaseInit               00008f39   defined in Debug\stm8s_tim4.o section .text
                                            used in Debug\main.o
_TIM4_UpdateDisableConfig        00008f65   defined in Debug\stm8s_tim4.o section .text
_TIM4_UpdateRequestConfig        00008f72   defined in Debug\stm8s_tim4.o section .text
__addexp                         00009558   defined in (C:\ST\COSMIC\FSE_Compilers\CXSTM8\Lib\libfs0.sm8)cffun0.o section .text
                                            used in (C:\ST\COSMIC\FSE_Compilers\CXSTM8\Lib\libfs0.sm8)exp.o
                                                    (C:\ST\COSMIC\FSE_Compilers\CXSTM8\Lib\libfs0.sm8)ifmod.o
__dtens                          00008158   defined in (C:\ST\COSMIC\FSE_Compilers\CXSTM8\Lib\libfs0.sm8)cfcon.o section .const
                                            *** not used ***
__endmem                         000001ff   defined in command file
                                            *** not used ***
__endzp                          0000001b   defined in command file section .ubsct
                                            used in C:\ST\COSMIC\FSE_Compilers\CXSTM8\Lib\crtsi0.sm8
__exp                            00009486   defined in (C:\ST\COSMIC\FSE_Compilers\CXSTM8\Lib\libfs0.sm8)exp.o section .text
                                            used in (C:\ST\COSMIC\FSE_Compilers\CXSTM8\Lib\libfs0.sm8)pow.o
__fmod                           000095b4   defined in (C:\ST\COSMIC\FSE_Compilers\CXSTM8\Lib\libfs0.sm8)ifmod.o section .text
                                            used in (C:\ST\COSMIC\FSE_Compilers\CXSTM8\Lib\libfs0.sm8)exp.o
__ftrunc                         000096bd   defined in (C:\ST\COSMIC\FSE_Compilers\CXSTM8\Lib\libfs0.sm8)ftrunc.o section .text
                                            used in (C:\ST\COSMIC\FSE_Compilers\CXSTM8\Lib\libfs0.sm8)pow.o
__huge                           00008174   defined in (C:\ST\COSMIC\FSE_Compilers\CXSTM8\Lib\libfs0.sm8)cfcon.o section .const
                                            used in (C:\ST\COSMIC\FSE_Compilers\CXSTM8\Lib\libfs0.sm8)log.o
__idesc__                        0000817a   defined in linker section .init
                                            used in C:\ST\COSMIC\FSE_Compilers\CXSTM8\Lib\crtsi0.sm8
__ln                             000096dd   defined in (C:\ST\COSMIC\FSE_Compilers\CXSTM8\Lib\libfs0.sm8)log.o section .text
                                            used in (C:\ST\COSMIC\FSE_Compilers\CXSTM8\Lib\libfs0.sm8)pow.o
__memory                         00000100   defined in command file section .bss
                                            used in C:\ST\COSMIC\FSE_Compilers\CXSTM8\Lib\crtsi0.sm8
__ntens                          00008178   defined in (C:\ST\COSMIC\FSE_Compilers\CXSTM8\Lib\libfs0.sm8)cfcon.o section .const
                                            *** not used ***
__poly                           00009584   defined in (C:\ST\COSMIC\FSE_Compilers\CXSTM8\Lib\libfs0.sm8)cffun0.o section .text
                                            *** not used ***
__stack                          000003ff   defined in command file
                                            used in C:\ST\COSMIC\FSE_Compilers\CXSTM8\Lib\crtsi0.sm8
__startmem                       00000100   defined in command file section .bss
                                            *** not used ***
__stext                          00008193   defined in C:\ST\COSMIC\FSE_Compilers\CXSTM8\Lib\crtsi0.sm8 section .text
                                            used in Debug\stm8_interrupt_vector.o
__unpack                         0000959d   defined in (C:\ST\COSMIC\FSE_Compilers\CXSTM8\Lib\libfs0.sm8)cffun0.o section .text
                                            used in (C:\ST\COSMIC\FSE_Compilers\CXSTM8\Lib\libfs0.sm8)ifmod.o
                                                    (C:\ST\COSMIC\FSE_Compilers\CXSTM8\Lib\libfs0.sm8)log.o
__vectab                         00008000   defined in Debug\stm8_interrupt_vector.o section .const
_accelerate_pump                 00008798   defined in Debug\main.o section .text
_arr_tim1                        00000004   defined in Debug\main.o section .bsct, initialized
_arr_tim2                        00000006   defined in Debug\main.o section .bsct, initialized
_clock_setup                     0000850a   defined in Debug\main.o section .text
_current_state                   00000010   defined in Debug\main.o section .bsct, initialized
_decelerate_pump                 000087aa   defined in Debug\main.o section .text
_delay_ms                        000085cb   defined in Debug\main.o section .text
_duty_cycle_step                 0000000d   defined in Debug\main.o section .bsct, initialized
_exit                            000081e1   defined in C:\ST\COSMIC\FSE_Compilers\CXSTM8\Lib\crtsi0.sm8 section .text
_exp                             0000954d   defined in (C:\ST\COSMIC\FSE_Compilers\CXSTM8\Lib\libfs0.sm8)exp.o section .text
_gpio_setup                      0000856a   defined in Debug\main.o section .text
_gpio_setup_SWIM                 00008593   defined in Debug\main.o section .text
_led_smooth_blink                00008745   defined in Debug\main.o section .text
_log                             00009835   defined in (C:\ST\COSMIC\FSE_Compilers\CXSTM8\Lib\libfs0.sm8)log.o section .text
_log10                           00009849   defined in (C:\ST\COSMIC\FSE_Compilers\CXSTM8\Lib\libfs0.sm8)log.o section .text
_main                            00008435   defined in Debug\main.o section .text
                                            used in C:\ST\COSMIC\FSE_Compilers\CXSTM8\Lib\crtsi0.sm8
_max_pwm_speed_LED               0000000a   defined in Debug\main.o section .bsct, initialized
_max_pwm_speed_pump              00000008   defined in Debug\main.o section .bsct, initialized
_ms_count                        00000000   defined in Debug\main.o section .bsct, initialized
_pow                             00009375   defined in (C:\ST\COSMIC\FSE_Compilers\CXSTM8\Lib\libfs0.sm8)pow.o section .text
                                            used in Debug\main.o
_press_count                     0000000c   defined in Debug\main.o section .bsct, initialized
_pulse_flag                      0000000f   defined in Debug\main.o section .bsct, initialized
_pump_off                        000087bf   defined in Debug\main.o section .text
_pump_smooth_on_off              00008775   defined in Debug\main.o section .text
_set_pump_speed                  000087bc   defined in Debug\main.o section .text
_set_pwm_frequency               000085dd   defined in Debug\main.o section .text
_tim1_init                       000086ff   defined in Debug\main.o section .text
_tim2_init                       000086bb   defined in Debug\main.o section .text
_tim4_init                       000085b7   defined in Debug\main.o section .text
c_bmulx                          0000985d   defined in (C:\ST\COSMIC\FSE_Compilers\CXSTM8\Lib\libm0.sm8)bmulx.o section .text
                                            used in Debug\main.o
c_divsl                          00009bfb   defined in (C:\ST\COSMIC\FSE_Compilers\CXSTM8\Lib\libm0.sm8)ldiv.o section .text
                                            used in (C:\ST\COSMIC\FSE_Compilers\CXSTM8\Lib\libm0.sm8)lsdiv.o
c_divul                          00009c12   defined in (C:\ST\COSMIC\FSE_Compilers\CXSTM8\Lib\libm0.sm8)ldiv.o section .text
                                            used in (C:\ST\COSMIC\FSE_Compilers\CXSTM8\Lib\libm0.sm8)ludiv.o
c_fadd                           0000987f   defined in (C:\ST\COSMIC\FSE_Compilers\CXSTM8\Lib\libm0.sm8)fadd.o section .text
                                            used in (C:\ST\COSMIC\FSE_Compilers\CXSTM8\Lib\libfs0.sm8)exp.o
                                                    (C:\ST\COSMIC\FSE_Compilers\CXSTM8\Lib\libfs0.sm8)cffun0.o
                                                    (C:\ST\COSMIC\FSE_Compilers\CXSTM8\Lib\libfs0.sm8)log.o
                                                    (C:\ST\COSMIC\FSE_Compilers\CXSTM8\Lib\libm0.sm8)fgadd.o
c_fcmp                           00009948   defined in (C:\ST\COSMIC\FSE_Compilers\CXSTM8\Lib\libm0.sm8)fcmp.o section .text
                                            used in (C:\ST\COSMIC\FSE_Compilers\CXSTM8\Lib\libfs0.sm8)pow.o
                                                    (C:\ST\COSMIC\FSE_Compilers\CXSTM8\Lib\libfs0.sm8)exp.o
                                                    (C:\ST\COSMIC\FSE_Compilers\CXSTM8\Lib\libfs0.sm8)ifmod.o
                                                    (C:\ST\COSMIC\FSE_Compilers\CXSTM8\Lib\libfs0.sm8)log.o
c_fdiv                           0000997e   defined in (C:\ST\COSMIC\FSE_Compilers\CXSTM8\Lib\libm0.sm8)fdiv.o section .text
                                            used in Debug\main.o
                                                    (C:\ST\COSMIC\FSE_Compilers\CXSTM8\Lib\libfs0.sm8)pow.o
                                                    (C:\ST\COSMIC\FSE_Compilers\CXSTM8\Lib\libfs0.sm8)exp.o
                                                    (C:\ST\COSMIC\FSE_Compilers\CXSTM8\Lib\libfs0.sm8)log.o
c_fgadd                          00009a02   defined in (C:\ST\COSMIC\FSE_Compilers\CXSTM8\Lib\libm0.sm8)fgadd.o section .text
                                            used in (C:\ST\COSMIC\FSE_Compilers\CXSTM8\Lib\libfs0.sm8)log.o
c_fgmul                          00009a0a   defined in (C:\ST\COSMIC\FSE_Compilers\CXSTM8\Lib\libm0.sm8)fgmul.o section .text
                                            used in (C:\ST\COSMIC\FSE_Compilers\CXSTM8\Lib\libfs0.sm8)pow.o
                                                    (C:\ST\COSMIC\FSE_Compilers\CXSTM8\Lib\libfs0.sm8)log.o
c_fgneg                          00009a12   defined in (C:\ST\COSMIC\FSE_Compilers\CXSTM8\Lib\libm0.sm8)fgneg.o section .text
                                            used in (C:\ST\COSMIC\FSE_Compilers\CXSTM8\Lib\libfs0.sm8)pow.o
                                                    (C:\ST\COSMIC\FSE_Compilers\CXSTM8\Lib\libfs0.sm8)ifmod.o
c_fgsub                          00009a1d   defined in (C:\ST\COSMIC\FSE_Compilers\CXSTM8\Lib\libm0.sm8)fgsub.o section .text
                                            used in (C:\ST\COSMIC\FSE_Compilers\CXSTM8\Lib\libfs0.sm8)ifmod.o
                                                    (C:\ST\COSMIC\FSE_Compilers\CXSTM8\Lib\libfs0.sm8)log.o
c_fmul                           00009a28   defined in (C:\ST\COSMIC\FSE_Compilers\CXSTM8\Lib\libm0.sm8)fmul.o section .text
                                            used in Debug\main.o
                                                    (C:\ST\COSMIC\FSE_Compilers\CXSTM8\Lib\libfs0.sm8)exp.o
                                                    (C:\ST\COSMIC\FSE_Compilers\CXSTM8\Lib\libfs0.sm8)cffun0.o
                                                    (C:\ST\COSMIC\FSE_Compilers\CXSTM8\Lib\libfs0.sm8)log.o
                                                    (C:\ST\COSMIC\FSE_Compilers\CXSTM8\Lib\libm0.sm8)fgmul.o
c_fneg                           00009afd   defined in (C:\ST\COSMIC\FSE_Compilers\CXSTM8\Lib\libm0.sm8)fneg.o section .text
                                            used in (C:\ST\COSMIC\FSE_Compilers\CXSTM8\Lib\libfs0.sm8)pow.o
                                                    (C:\ST\COSMIC\FSE_Compilers\CXSTM8\Lib\libfs0.sm8)log.o
                                                    (C:\ST\COSMIC\FSE_Compilers\CXSTM8\Lib\libm0.sm8)fgsub.o
c_fsub                           0000986b   defined in (C:\ST\COSMIC\FSE_Compilers\CXSTM8\Lib\libm0.sm8)fadd.o section .text
                                            used in Debug\main.o
                                                    (C:\ST\COSMIC\FSE_Compilers\CXSTM8\Lib\libfs0.sm8)exp.o
                                                    (C:\ST\COSMIC\FSE_Compilers\CXSTM8\Lib\libfs0.sm8)log.o
                                                    (C:\ST\COSMIC\FSE_Compilers\CXSTM8\Lib\libm0.sm8)fgsub.o
c_ftoi                           00009b08   defined in (C:\ST\COSMIC\FSE_Compilers\CXSTM8\Lib\libm0.sm8)ftol.o section .text
                                            *** not used ***
c_ftol                           00009b0e   defined in (C:\ST\COSMIC\FSE_Compilers\CXSTM8\Lib\libm0.sm8)ftol.o section .text
                                            used in Debug\main.o
                                                    (C:\ST\COSMIC\FSE_Compilers\CXSTM8\Lib\libfs0.sm8)ftrunc.o
c_imul                           00009b6a   defined in (C:\ST\COSMIC\FSE_Compilers\CXSTM8\Lib\libm0.sm8)imul.o section .text
                                            used in Debug\main.o
c_itof                           00009b8e   defined in (C:\ST\COSMIC\FSE_Compilers\CXSTM8\Lib\libm0.sm8)itof.o section .text
                                            used in Debug\main.o
                                                    (C:\ST\COSMIC\FSE_Compilers\CXSTM8\Lib\libfs0.sm8)log.o
c_lcmp                           00009bbc   defined in (C:\ST\COSMIC\FSE_Compilers\CXSTM8\Lib\libm0.sm8)lcmp.o section .text
                                            used in Debug\main.o
c_ldiv                           00009bdc   defined in (C:\ST\COSMIC\FSE_Compilers\CXSTM8\Lib\libm0.sm8)lsdiv.o section .text
                                            used in Debug\main.o
c_lgneg                          00009ce6   defined in (C:\ST\COSMIC\FSE_Compilers\CXSTM8\Lib\libm0.sm8)lgneg.o section .text
                                            used in (C:\ST\COSMIC\FSE_Compilers\CXSTM8\Lib\libm0.sm8)ldiv.o
c_lneg                           00009cf9   defined in (C:\ST\COSMIC\FSE_Compilers\CXSTM8\Lib\libm0.sm8)lneg.o section .text
                                            used in (C:\ST\COSMIC\FSE_Compilers\CXSTM8\Lib\libm0.sm8)lsdiv.o
                                                    (C:\ST\COSMIC\FSE_Compilers\CXSTM8\Lib\libm0.sm8)ldiv.o
c_lreg                           00000011   defined in (C:\ST\COSMIC\FSE_Compilers\CXSTM8\Lib\libm0.sm8)lreg.o section .ubsct
                                            used in Debug\main.o
                                                    Debug\stm8s_clk.o
                                                    (C:\ST\COSMIC\FSE_Compilers\CXSTM8\Lib\libfs0.sm8)exp.o
                                                    (C:\ST\COSMIC\FSE_Compilers\CXSTM8\Lib\libfs0.sm8)cffun0.o
                                                    (C:\ST\COSMIC\FSE_Compilers\CXSTM8\Lib\libfs0.sm8)ifmod.o
                                                    (C:\ST\COSMIC\FSE_Compilers\CXSTM8\Lib\libm0.sm8)fadd.o
                                                    (C:\ST\COSMIC\FSE_Compilers\CXSTM8\Lib\libm0.sm8)fcmp.o
                                                    (C:\ST\COSMIC\FSE_Compilers\CXSTM8\Lib\libm0.sm8)fdiv.o
                                                    (C:\ST\COSMIC\FSE_Compilers\CXSTM8\Lib\libm0.sm8)fmul.o
                                                    (C:\ST\COSMIC\FSE_Compilers\CXSTM8\Lib\libm0.sm8)fneg.o
                                                    (C:\ST\COSMIC\FSE_Compilers\CXSTM8\Lib\libm0.sm8)ftol.o
                                                    (C:\ST\COSMIC\FSE_Compilers\CXSTM8\Lib\libm0.sm8)itof.o
                                                    (C:\ST\COSMIC\FSE_Compilers\CXSTM8\Lib\libm0.sm8)lcmp.o
                                                    (C:\ST\COSMIC\FSE_Compilers\CXSTM8\Lib\libm0.sm8)ldiv.o
                                                    (C:\ST\COSMIC\FSE_Compilers\CXSTM8\Lib\libm0.sm8)lneg.o
                                                    (C:\ST\COSMIC\FSE_Compilers\CXSTM8\Lib\libm0.sm8)lsbc.o
                                                    (C:\ST\COSMIC\FSE_Compilers\CXSTM8\Lib\libm0.sm8)ltof.o
                                                    (C:\ST\COSMIC\FSE_Compilers\CXSTM8\Lib\libm0.sm8)ltor.o
                                                    (C:\ST\COSMIC\FSE_Compilers\CXSTM8\Lib\libm0.sm8)rtol.o
                                                    (C:\ST\COSMIC\FSE_Compilers\CXSTM8\Lib\libm0.sm8)uitof.o
                                                    (C:\ST\COSMIC\FSE_Compilers\CXSTM8\Lib\libm0.sm8)utolx.o
c_lsbc                           00009d0e   defined in (C:\ST\COSMIC\FSE_Compilers\CXSTM8\Lib\libm0.sm8)lsbc.o section .text
                                            used in Debug\main.o
c_ltof                           00009d25   defined in (C:\ST\COSMIC\FSE_Compilers\CXSTM8\Lib\libm0.sm8)ltof.o section .text
                                            used in Debug\main.o
                                                    (C:\ST\COSMIC\FSE_Compilers\CXSTM8\Lib\libfs0.sm8)ftrunc.o
c_ltor                           00009d83   defined in (C:\ST\COSMIC\FSE_Compilers\CXSTM8\Lib\libm0.sm8)ltor.o section .text
                                            used in Debug\main.o
                                                    Debug\stm8s_clk.o
                                                    (C:\ST\COSMIC\FSE_Compilers\CXSTM8\Lib\libfs0.sm8)pow.o
                                                    (C:\ST\COSMIC\FSE_Compilers\CXSTM8\Lib\libfs0.sm8)exp.o
                                                    (C:\ST\COSMIC\FSE_Compilers\CXSTM8\Lib\libfs0.sm8)cffun0.o
                                                    (C:\ST\COSMIC\FSE_Compilers\CXSTM8\Lib\libfs0.sm8)ifmod.o
                                                    (C:\ST\COSMIC\FSE_Compilers\CXSTM8\Lib\libfs0.sm8)ftrunc.o
                                                    (C:\ST\COSMIC\FSE_Compilers\CXSTM8\Lib\libfs0.sm8)log.o
c_ludv                           00009d95   defined in (C:\ST\COSMIC\FSE_Compilers\CXSTM8\Lib\libm0.sm8)ludiv.o section .text
                                            used in Debug\stm8s_clk.o
c_okadd                          00009889   defined in (C:\ST\COSMIC\FSE_Compilers\CXSTM8\Lib\libm0.sm8)fadd.o section .text
c_okdiv                          0000998e   defined in (C:\ST\COSMIC\FSE_Compilers\CXSTM8\Lib\libm0.sm8)fdiv.o section .text
                                            *** not used ***
c_okmul                          00009a36   defined in (C:\ST\COSMIC\FSE_Compilers\CXSTM8\Lib\libm0.sm8)fmul.o section .text
                                            *** not used ***
c_oksub                          00009875   defined in (C:\ST\COSMIC\FSE_Compilers\CXSTM8\Lib\libm0.sm8)fadd.o section .text
                                            *** not used ***
c_rtol                           00009da9   defined in (C:\ST\COSMIC\FSE_Compilers\CXSTM8\Lib\libm0.sm8)rtol.o section .text
                                            used in Debug\main.o
                                                    Debug\stm8s_clk.o
                                                    (C:\ST\COSMIC\FSE_Compilers\CXSTM8\Lib\libfs0.sm8)pow.o
                                                    (C:\ST\COSMIC\FSE_Compilers\CXSTM8\Lib\libfs0.sm8)exp.o
                                                    (C:\ST\COSMIC\FSE_Compilers\CXSTM8\Lib\libfs0.sm8)ifmod.o
                                                    (C:\ST\COSMIC\FSE_Compilers\CXSTM8\Lib\libfs0.sm8)ftrunc.o
                                                    (C:\ST\COSMIC\FSE_Compilers\CXSTM8\Lib\libfs0.sm8)log.o
                                                    (C:\ST\COSMIC\FSE_Compilers\CXSTM8\Lib\libm0.sm8)fgadd.o
                                                    (C:\ST\COSMIC\FSE_Compilers\CXSTM8\Lib\libm0.sm8)fgmul.o
                                                    (C:\ST\COSMIC\FSE_Compilers\CXSTM8\Lib\libm0.sm8)fgsub.o
c_uitof                          00009dbb   defined in (C:\ST\COSMIC\FSE_Compilers\CXSTM8\Lib\libm0.sm8)uitof.o section .text
                                            used in Debug\main.o
c_uitolx                         00009ddf   defined in (C:\ST\COSMIC\FSE_Compilers\CXSTM8\Lib\libm0.sm8)utolx.o section .text
                                            used in Debug\main.o
c_x                              00000015   defined in (C:\ST\COSMIC\FSE_Compilers\CXSTM8\Lib\libm0.sm8)xreg.o section .ubsct
                                            used in C:\ST\COSMIC\FSE_Compilers\CXSTM8\Lib\crtsi0.sm8
                                                    Debug\main.o
                                                    (C:\ST\COSMIC\FSE_Compilers\CXSTM8\Lib\libfs0.sm8)cffun0.o
                                                    (C:\ST\COSMIC\FSE_Compilers\CXSTM8\Lib\libm0.sm8)bmulx.o
                                                    (C:\ST\COSMIC\FSE_Compilers\CXSTM8\Lib\libm0.sm8)fadd.o
                                                    (C:\ST\COSMIC\FSE_Compilers\CXSTM8\Lib\libm0.sm8)fcmp.o
                                                    (C:\ST\COSMIC\FSE_Compilers\CXSTM8\Lib\libm0.sm8)fdiv.o
                                                    (C:\ST\COSMIC\FSE_Compilers\CXSTM8\Lib\libm0.sm8)fmul.o
                                                    (C:\ST\COSMIC\FSE_Compilers\CXSTM8\Lib\libm0.sm8)imul.o
                                                    (C:\ST\COSMIC\FSE_Compilers\CXSTM8\Lib\libm0.sm8)lsdiv.o
                                                    (C:\ST\COSMIC\FSE_Compilers\CXSTM8\Lib\libm0.sm8)ldiv.o
c_y                              00000018   defined in (C:\ST\COSMIC\FSE_Compilers\CXSTM8\Lib\libm0.sm8)yreg.o section .ubsct
                                            used in C:\ST\COSMIC\FSE_Compilers\CXSTM8\Lib\crtsi0.sm8
                                                    Debug\main.o
f_EXTI_PORTD_IRQHandler          00008401   defined in Debug\main.o section .text
                                            used in Debug\stm8_interrupt_vector.o
f_NonHandledInterrupt            00009de6   defined in Debug\stm8_interrupt_vector.o section .text
f_TIM4_UPD_OVF_IRQHandler        000083d8   defined in Debug\main.o section .text
                                            used in Debug\stm8_interrupt_vector.o
